// Jest Snapshot v1, https://goo.gl/fbAQLP

exports[`renders correctly 1`] = `
<h2
  className="Quoting"
>
  Mathematics is not about numbers,equations,computations,or algorithms;it is about understanding - William Paul Thurston
</h2>
`;
